// Jest Snapshot v1, https://goo.gl/fbAQLP

exports[`Robots.txt page: render Matches snapshot 1`] = `
<p>
  Something went wrong while creating robots.txt.
</p>
`;
