// Jest Snapshot v1, https://goo.gl/fbAQLP

exports[`Search page: render Matches snapshot 1`] = `
Array [
  <header>
    <div
      className="topBarSpacer"
    />
    <nav
      className="section"
    >
      <div
        className="topbar container"
      >
        <img
          alt="To home"
          height="30"
          loading="lazy"
          onClick={[Function]}
          onMouseEnter={[Function]}
          src="/favicon-48x48.png"
          width="30"
        />
        <div
          aria-label="Open menu"
          className="hamburger"
          onClick={[Function]}
          role="button"
        >
          <span
            className="part"
          />
          <span
            className="part"
          />
          <span
            className="part"
          />
        </div>
      </div>
      <div
        className="content null container"
      >
        <ul
          className="list"
        >
          <li
            className="listItem"
          >
            <a
              className="link"
              href="/letter/a"
              onClick={[Function]}
              onMouseEnter={[Function]}
            >
              a
            </a>
          </li>
          <li
            className="listItem"
          >
            <a
              className="link"
              href="/letter/a2"
              onClick={[Function]}
              onMouseEnter={[Function]}
            >
              á
            </a>
          </li>
          <li
            className="listItem"
          >
            <a
              className="link"
              href="/letter/b"
              onClick={[Function]}
              onMouseEnter={[Function]}
            >
              b
            </a>
          </li>
          <li
            className="listItem"
          >
            <a
              className="link"
              href="/letter/d"
              onClick={[Function]}
              onMouseEnter={[Function]}
            >
              d
            </a>
          </li>
          <li
            className="listItem"
          >
            <a
              className="link"
              href="/letter/e"
              onClick={[Function]}
              onMouseEnter={[Function]}
            >
              e
            </a>
          </li>
          <li
            className="listItem"
          >
            <a
              className="link"
              href="/letter/e2"
              onClick={[Function]}
              onMouseEnter={[Function]}
            >
              é
            </a>
          </li>
          <li
            className="listItem"
          >
            <a
              className="link"
              href="/letter/f"
              onClick={[Function]}
              onMouseEnter={[Function]}
            >
              f
            </a>
          </li>
          <li
            className="listItem"
          >
            <a
              className="link"
              href="/letter/g"
              onClick={[Function]}
              onMouseEnter={[Function]}
            >
              g
            </a>
          </li>
          <li
            className="listItem"
          >
            <a
              className="link"
              href="/letter/h"
              onClick={[Function]}
              onMouseEnter={[Function]}
            >
              h
            </a>
          </li>
          <li
            className="listItem"
          >
            <a
              className="link"
              href="/letter/i"
              onClick={[Function]}
              onMouseEnter={[Function]}
            >
              i
            </a>
          </li>
          <li
            className="listItem"
          >
            <a
              className="link"
              href="/letter/i2"
              onClick={[Function]}
              onMouseEnter={[Function]}
            >
              í
            </a>
          </li>
          <li
            className="listItem"
          >
            <a
              className="link"
              href="/letter/j"
              onClick={[Function]}
              onMouseEnter={[Function]}
            >
              j
            </a>
          </li>
          <li
            className="listItem"
          >
            <a
              className="link"
              href="/letter/k"
              onClick={[Function]}
              onMouseEnter={[Function]}
            >
              k
            </a>
          </li>
          <li
            className="listItem"
          >
            <a
              className="link"
              href="/letter/l"
              onClick={[Function]}
              onMouseEnter={[Function]}
            >
              l
            </a>
          </li>
          <li
            className="listItem"
          >
            <a
              className="link"
              href="/letter/m"
              onClick={[Function]}
              onMouseEnter={[Function]}
            >
              m
            </a>
          </li>
          <li
            className="listItem"
          >
            <a
              className="link"
              href="/letter/n"
              onClick={[Function]}
              onMouseEnter={[Function]}
            >
              n
            </a>
          </li>
          <li
            className="listItem"
          >
            <a
              className="link"
              href="/letter/o"
              onClick={[Function]}
              onMouseEnter={[Function]}
            >
              o
            </a>
          </li>
          <li
            className="listItem"
          >
            <a
              className="link"
              href="/letter/o2"
              onClick={[Function]}
              onMouseEnter={[Function]}
            >
              ó
            </a>
          </li>
          <li
            className="listItem"
          >
            <a
              className="link"
              href="/letter/p"
              onClick={[Function]}
              onMouseEnter={[Function]}
            >
              p
            </a>
          </li>
          <li
            className="listItem"
          >
            <a
              className="link"
              href="/letter/r"
              onClick={[Function]}
              onMouseEnter={[Function]}
            >
              r
            </a>
          </li>
          <li
            className="listItem"
          >
            <a
              className="link"
              href="/letter/s"
              onClick={[Function]}
              onMouseEnter={[Function]}
            >
              s
            </a>
          </li>
          <li
            className="listItem"
          >
            <a
              className="link"
              href="/letter/t"
              onClick={[Function]}
              onMouseEnter={[Function]}
            >
              t
            </a>
          </li>
          <li
            className="listItem"
          >
            <a
              className="link"
              href="/letter/u"
              onClick={[Function]}
              onMouseEnter={[Function]}
            >
              u
            </a>
          </li>
          <li
            className="listItem"
          >
            <a
              className="link"
              href="/letter/u2"
              onClick={[Function]}
              onMouseEnter={[Function]}
            >
              ú
            </a>
          </li>
          <li
            className="listItem"
          >
            <a
              className="link"
              href="/letter/v"
              onClick={[Function]}
              onMouseEnter={[Function]}
            >
              v
            </a>
          </li>
          <li
            className="listItem"
          >
            <a
              className="link"
              href="/letter/y"
              onClick={[Function]}
              onMouseEnter={[Function]}
            >
              y
            </a>
          </li>
          <li
            className="listItem"
          >
            <a
              className="link"
              href="/letter/y2"
              onClick={[Function]}
              onMouseEnter={[Function]}
            >
              ý
            </a>
          </li>
          <li
            className="listItem"
          >
            <a
              className="link"
              href="/letter/th"
              onClick={[Function]}
              onMouseEnter={[Function]}
            >
              þ
            </a>
          </li>
          <li
            className="listItem"
          >
            <a
              className="link"
              href="/letter/ae"
              onClick={[Function]}
              onMouseEnter={[Function]}
            >
              æ
            </a>
          </li>
          <li
            className="listItem"
          >
            <a
              className="link"
              href="/letter/oe3"
              onClick={[Function]}
              onMouseEnter={[Function]}
            >
              œ
            </a>
          </li>
          <li
            className="listItem"
          >
            <a
              className="link"
              href="/letter/oe"
              onClick={[Function]}
              onMouseEnter={[Function]}
            >
              ö
            </a>
          </li>
        </ul>
      </div>
    </nav>
    <nav
      className="section"
    >
      <div
        className="container"
      >
        <a
          className="link"
          href="/"
          onClick={[Function]}
          onMouseEnter={[Function]}
        >
          Cleasby & Vigfusson Dictionary
        </a>
        <script
          dangerouslySetInnerHTML={
            Object {
              "__html": "{\\"@context\\":\\"https://schema.org/\\",\\"@type\\":\\"BreadcrumbList\\",\\"itemListElement\\":[{\\"@type\\":\\"ListItem\\",\\"position\\":1,\\"name\\":\\"Cleasby & Vigfusson Dictionary\\",\\"item\\":\\"undefined/\\"}]}",
            }
          }
          type="application/ld+json"
        />
      </div>
    </nav>
  </header>,
  <main
    className="container"
  >
    <form
      className="form"
      onSubmit={[Function]}
    >
      <h1
        className="h3"
      >
        Search
      </h1>
      <input
        className="input"
        name="search"
        onChange={[Function]}
        type="search"
        value=""
      />
      <ul
        className="list"
      >
        <p>
          Search from:
        </p>
        <li
          className="listItem"
        >
          <input
            checked={true}
            name="all"
            onChange={[Function]}
            type="radio"
            value="criteria"
          />
           Everything
        </li>
        <li
          className="listItem"
        >
          <input
            checked={false}
            name="headword"
            onChange={[Function]}
            type="radio"
            value="criteria"
          />
           Headwords
        </li>
        <li
          className="listItem"
        >
          <input
            checked={false}
            name="definitions"
            onChange={[Function]}
            type="radio"
            value="criteria"
          />
           Definitions
        </li>
      </ul>
      <button
        className="button"
        type="submit"
      >
        Search
      </button>
    </form>
    <p
      className="blue"
    >
      0
       results found
    </p>
    <ul
      className="list"
    />
    <p>
      No search results
    </p>
    <div
      aria-label="Back to top"
      className="backToTop"
      onClick={[Function]}
      role="button"
    >
      ↑
    </div>
  </main>,
  <footer
    className="section"
  >
    <div
      className="container"
    >
      <section
        className="section"
      >
        <h2>
          About
        </h2>
        <p>
          Based on Cleasby & Vigfusson Dictionary Old Norse dictionary.
        </p>
        <p>
          <em>
            Icelandic-English
          </em>
           dictionary was started by Richard Cleasby and finished by Gudbrand Vigfusson.
        </p>
        <p>
          It was published in 1874, which leads to there being many public domain versions of the book available.
        </p>
      </section>
      <section
        className="section"
      >
        <h3>
          Old Norse language
        </h3>
        <p>
          Old Norse was a North Germanic language that was spoken by inhabitants of Scandinavia and their overseas settlements from about the 7th to the 15th centuries.
        </p>
        <p>
          Also known as "the viking language", "Old Nordic", or "Old Scandinavian"
        </p>
      </section>
      <div
        className="navs"
      >
        <nav
          className="nav"
        >
          <h4
            className="navTitle"
          >
            Dictionary project
          </h4>
          <ul>
            <li>
              <a
                href="https://github.com/stscoundrel/cleasby-vigfusson-next"
                rel="noopener noreferrer"
                target="_blank"
              >
                Source code
              </a>
            </li>
            <li>
              <a
                href="https://github.com/stscoundrel/cleasby-vigfusson-dictionary"
                rel="noopener noreferrer"
                target="_blank"
              >
                Data source
              </a>
            </li>
          </ul>
        </nav>
        <nav
          className="nav"
        >
          <h4
            className="navTitle"
          >
            Related packages
          </h4>
          <ul>
            <li>
              <a
                href="https://github.com/stscoundrel/younger-futhark"
                rel="noopener noreferrer"
                target="_blank"
              >
                Younger Futhark Runes
              </a>
            </li>
            <li>
              <a
                href="https://github.com/stscoundrel/old-norse-alphabet"
                rel="noopener noreferrer"
                target="_blank"
              >
                Old Norse Alphabet
              </a>
            </li>
            <li>
              <a
                href="https://github.com/stscoundrel/old-norse-alphabet-sort"
                rel="noopener noreferrer"
                target="_blank"
              >
                Old Norse Alphabet Sort
              </a>
            </li>
            <li>
              <a
                href="https://github.com/stscoundrel/gangleri"
                rel="noopener noreferrer"
                target="_blank"
              >
                Gangleri
              </a>
            </li>
            <li>
              <a
                href="https://github.com/stscoundrel/teljari"
                rel="noopener noreferrer"
                target="_blank"
              >
                Teljari
              </a>
            </li>
            <li>
              <a
                href="https://github.com/stscoundrel/markari"
                rel="noopener noreferrer"
                target="_blank"
              >
                Markari
              </a>
            </li>
            <li>
              <a
                href="https://github.com/stscoundrel/spyrjari"
                rel="noopener noreferrer"
                target="_blank"
              >
                Spyrjari
              </a>
            </li>
          </ul>
        </nav>
        <nav
          className="nav"
        >
          <h4
            className="navTitle"
          >
            Quick links
          </h4>
          <ul
            className="navColumns"
          >
            <li
              className="navColumnItem"
            >
              <a
                className="link"
                href="/letter/a"
                onClick={[Function]}
                onMouseEnter={[Function]}
              >
                a
              </a>
            </li>
            <li
              className="navColumnItem"
            >
              <a
                className="link"
                href="/letter/a2"
                onClick={[Function]}
                onMouseEnter={[Function]}
              >
                á
              </a>
            </li>
            <li
              className="navColumnItem"
            >
              <a
                className="link"
                href="/letter/b"
                onClick={[Function]}
                onMouseEnter={[Function]}
              >
                b
              </a>
            </li>
            <li
              className="navColumnItem"
            >
              <a
                className="link"
                href="/letter/d"
                onClick={[Function]}
                onMouseEnter={[Function]}
              >
                d
              </a>
            </li>
            <li
              className="navColumnItem"
            >
              <a
                className="link"
                href="/letter/e"
                onClick={[Function]}
                onMouseEnter={[Function]}
              >
                e
              </a>
            </li>
            <li
              className="navColumnItem"
            >
              <a
                className="link"
                href="/letter/e2"
                onClick={[Function]}
                onMouseEnter={[Function]}
              >
                é
              </a>
            </li>
            <li
              className="navColumnItem"
            >
              <a
                className="link"
                href="/letter/f"
                onClick={[Function]}
                onMouseEnter={[Function]}
              >
                f
              </a>
            </li>
            <li
              className="navColumnItem"
            >
              <a
                className="link"
                href="/letter/g"
                onClick={[Function]}
                onMouseEnter={[Function]}
              >
                g
              </a>
            </li>
            <li
              className="navColumnItem"
            >
              <a
                className="link"
                href="/letter/h"
                onClick={[Function]}
                onMouseEnter={[Function]}
              >
                h
              </a>
            </li>
            <li
              className="navColumnItem"
            >
              <a
                className="link"
                href="/letter/i"
                onClick={[Function]}
                onMouseEnter={[Function]}
              >
                i
              </a>
            </li>
            <li
              className="navColumnItem"
            >
              <a
                className="link"
                href="/letter/i2"
                onClick={[Function]}
                onMouseEnter={[Function]}
              >
                í
              </a>
            </li>
            <li
              className="navColumnItem"
            >
              <a
                className="link"
                href="/letter/j"
                onClick={[Function]}
                onMouseEnter={[Function]}
              >
                j
              </a>
            </li>
            <li
              className="navColumnItem"
            >
              <a
                className="link"
                href="/letter/k"
                onClick={[Function]}
                onMouseEnter={[Function]}
              >
                k
              </a>
            </li>
            <li
              className="navColumnItem"
            >
              <a
                className="link"
                href="/letter/l"
                onClick={[Function]}
                onMouseEnter={[Function]}
              >
                l
              </a>
            </li>
            <li
              className="navColumnItem"
            >
              <a
                className="link"
                href="/letter/m"
                onClick={[Function]}
                onMouseEnter={[Function]}
              >
                m
              </a>
            </li>
            <li
              className="navColumnItem"
            >
              <a
                className="link"
                href="/letter/n"
                onClick={[Function]}
                onMouseEnter={[Function]}
              >
                n
              </a>
            </li>
            <li
              className="navColumnItem"
            >
              <a
                className="link"
                href="/letter/o"
                onClick={[Function]}
                onMouseEnter={[Function]}
              >
                o
              </a>
            </li>
            <li
              className="navColumnItem"
            >
              <a
                className="link"
                href="/letter/o2"
                onClick={[Function]}
                onMouseEnter={[Function]}
              >
                ó
              </a>
            </li>
            <li
              className="navColumnItem"
            >
              <a
                className="link"
                href="/letter/p"
                onClick={[Function]}
                onMouseEnter={[Function]}
              >
                p
              </a>
            </li>
            <li
              className="navColumnItem"
            >
              <a
                className="link"
                href="/letter/r"
                onClick={[Function]}
                onMouseEnter={[Function]}
              >
                r
              </a>
            </li>
            <li
              className="navColumnItem"
            >
              <a
                className="link"
                href="/letter/s"
                onClick={[Function]}
                onMouseEnter={[Function]}
              >
                s
              </a>
            </li>
            <li
              className="navColumnItem"
            >
              <a
                className="link"
                href="/letter/t"
                onClick={[Function]}
                onMouseEnter={[Function]}
              >
                t
              </a>
            </li>
            <li
              className="navColumnItem"
            >
              <a
                className="link"
                href="/letter/u"
                onClick={[Function]}
                onMouseEnter={[Function]}
              >
                u
              </a>
            </li>
            <li
              className="navColumnItem"
            >
              <a
                className="link"
                href="/letter/u2"
                onClick={[Function]}
                onMouseEnter={[Function]}
              >
                ú
              </a>
            </li>
            <li
              className="navColumnItem"
            >
              <a
                className="link"
                href="/letter/v"
                onClick={[Function]}
                onMouseEnter={[Function]}
              >
                v
              </a>
            </li>
            <li
              className="navColumnItem"
            >
              <a
                className="link"
                href="/letter/y"
                onClick={[Function]}
                onMouseEnter={[Function]}
              >
                y
              </a>
            </li>
            <li
              className="navColumnItem"
            >
              <a
                className="link"
                href="/letter/y2"
                onClick={[Function]}
                onMouseEnter={[Function]}
              >
                ý
              </a>
            </li>
            <li
              className="navColumnItem"
            >
              <a
                className="link"
                href="/letter/th"
                onClick={[Function]}
                onMouseEnter={[Function]}
              >
                þ
              </a>
            </li>
            <li
              className="navColumnItem"
            >
              <a
                className="link"
                href="/letter/ae"
                onClick={[Function]}
                onMouseEnter={[Function]}
              >
                æ
              </a>
            </li>
            <li
              className="navColumnItem"
            >
              <a
                className="link"
                href="/letter/oe3"
                onClick={[Function]}
                onMouseEnter={[Function]}
              >
                œ
              </a>
            </li>
            <li
              className="navColumnItem"
            >
              <a
                className="link"
                href="/letter/oe"
                onClick={[Function]}
                onMouseEnter={[Function]}
              >
                ö
              </a>
            </li>
          </ul>
        </nav>
      </div>
      <small
        className="copyright"
      >
        Copyright © 2020
        <a
          href="https://github.com/stscoundrel"
          rel="noopener noreferrer"
          target="_blank"
        >
          Sampo Silvennoinen / StScoundrel
        </a>
      </small>
    </div>
  </footer>,
]
`;
