// Jest Snapshot v1, https://goo.gl/fbAQLP

exports[`Sitemap page: render Matches snapshot 1`] = `
<p>
  Something went wrong while creating sitemap.xml.
</p>
`;
