// Jest Snapshot v1, https://goo.gl/fbAQLP

exports[`Search teaser component Matches snapshot 1`] = `
<div
  className="result"
>
  <a
    className="link"
    href="/word/adal-vellir"
    onClick={[Function]}
    onMouseEnter={[Function]}
  >
    a√∞al-vellir
  </a>
  <ul>
    <li
      className="foundIn"
      dangerouslySetInnerHTML={
        Object {
          "__html": "In headword",
        }
      }
    />
  </ul>
</div>
`;
