// Jest Snapshot v1, https://goo.gl/fbAQLP

exports[`ExternalLink component Matches snapshot 1`] = `
<a
  href="www.takemeontheotherside.com"
  rel="noopener noreferrer"
  target="_blank"
>
  Other site
</a>
`;
