// Jest Snapshot v1, https://goo.gl/fbAQLP

exports[`ContentArea component Matches snapshot 1`] = `
<section
  className="section"
>
  Content
</section>
`;
