// Jest Snapshot v1, https://goo.gl/fbAQLP

exports[`Search component Matches snapshot 1`] = `
<form
  onSubmit={[Function]}
>
  <input
    name="search"
    onChange={[Function]}
    type="text"
    value=""
  />
  <button
    type="submit"
  >
    Search
  </button>
</form>
`;
