// Jest Snapshot v1, https://goo.gl/fbAQLP

exports[`LetterLink component Matches snapshot 1`] = `
<a
  href="/letter/s"
  onClick={[Function]}
  onMouseEnter={[Function]}
>
  s
</a>
`;
